// Jest Snapshot v1, https://goo.gl/fbAQLP

exports[`NavigationBar renders correctly when there are no items 1`] = `
<div
  className="NavigationBar-container-1"
  data-testid="NavigationBar"
>
  <div
    className="NavigationMenuLogo-logo-3"
    data-testid="Menu-Logo"
  >
    <a
      href="/"
      onClick={[Function]}
    >
      <img
        alt=""
        data-testid="Menu-Logo-Image"
        src="Logo.png"
      />
    </a>
  </div>
  <div
    className="NavigationBar-items_container-2"
  >
    <div
      className="NavigationMenuButton-wrapper-4"
      data-testid="Button-HOME"
    >
      <div
        className="NavigationMenuButton-line_selected-7"
        data-testid="Button-HOME-Underline"
      >
        <a
          aria-disabled={false}
          className="MuiButtonBase-root MuiButton-root MuiButton-text NavigationMenuButton-item_selected-5"
          data-testid="Button-HOME-Button"
          href="/"
          onBlur={[Function]}
          onDragLeave={[Function]}
          onFocus={[Function]}
          onKeyDown={[Function]}
          onKeyUp={[Function]}
          onMouseDown={[Function]}
          onMouseLeave={[Function]}
          onMouseUp={[Function]}
          onTouchEnd={[Function]}
          onTouchMove={[Function]}
          onTouchStart={[Function]}
          tabIndex={0}
        >
          <span
            className="MuiButton-label"
          >
            HOME
          </span>
        </a>
      </div>
    </div>
    <div
      className="NavigationMenuButton-wrapper-4"
      data-testid="Button-GALLERY"
    >
      <div
        className="NavigationMenuButton-line_unselected-8"
        data-testid="Button-GALLERY-Underline"
      >
        <a
          aria-disabled={false}
          className="MuiButtonBase-root MuiButton-root MuiButton-text NavigationMenuButton-item_unselected-6"
          data-testid="Button-GALLERY-Button"
          href="/gallery"
          onBlur={[Function]}
          onDragLeave={[Function]}
          onFocus={[Function]}
          onKeyDown={[Function]}
          onKeyUp={[Function]}
          onMouseDown={[Function]}
          onMouseLeave={[Function]}
          onMouseUp={[Function]}
          onTouchEnd={[Function]}
          onTouchMove={[Function]}
          onTouchStart={[Function]}
          tabIndex={0}
        >
          <span
            className="MuiButton-label"
          >
            GALLERY
          </span>
        </a>
      </div>
    </div>
    <div
      className="NavigationMenuButton-wrapper-4"
      data-testid="Button-ABOUT"
    >
      <div
        className="NavigationMenuButton-line_unselected-8"
        data-testid="Button-ABOUT-Underline"
      >
        <a
          aria-disabled={false}
          className="MuiButtonBase-root MuiButton-root MuiButton-text NavigationMenuButton-item_unselected-6"
          data-testid="Button-ABOUT-Button"
          href="/about"
          onBlur={[Function]}
          onDragLeave={[Function]}
          onFocus={[Function]}
          onKeyDown={[Function]}
          onKeyUp={[Function]}
          onMouseDown={[Function]}
          onMouseLeave={[Function]}
          onMouseUp={[Function]}
          onTouchEnd={[Function]}
          onTouchMove={[Function]}
          onTouchStart={[Function]}
          tabIndex={0}
        >
          <span
            className="MuiButton-label"
          >
            ABOUT
          </span>
        </a>
      </div>
    </div>
    <div
      className="NavigationMenuButton-wrapper-4"
      data-testid="Button-CONTACT"
    >
      <div
        className="NavigationMenuButton-line_unselected-8"
        data-testid="Button-CONTACT-Underline"
      >
        <a
          aria-disabled={false}
          className="MuiButtonBase-root MuiButton-root MuiButton-text NavigationMenuButton-item_unselected-6"
          data-testid="Button-CONTACT-Button"
          href="/contact"
          onBlur={[Function]}
          onDragLeave={[Function]}
          onFocus={[Function]}
          onKeyDown={[Function]}
          onKeyUp={[Function]}
          onMouseDown={[Function]}
          onMouseLeave={[Function]}
          onMouseUp={[Function]}
          onTouchEnd={[Function]}
          onTouchMove={[Function]}
          onTouchStart={[Function]}
          tabIndex={0}
        >
          <span
            className="MuiButton-label"
          >
            CONTACT
          </span>
        </a>
      </div>
    </div>
  </div>
</div>
`;
