// Jest Snapshot v1, https://goo.gl/fbAQLP

exports[`Image Slider renders correctly when there are no items 1`] = `
<main
  className="ImageSlider-container-1"
>
  <div
    className="ImageSliderTitle-hidden-6"
    style={
      Object {
        "borderColor": undefined,
      }
    }
  >
    
  </div>
  <div
    className="ImageSlider-wrapper-2"
    data-testid="ImageSlider-Container"
  >
    <div
      className="ImageSliderButtonWrapper-button_wrapper-7"
      data-testid="ImageSlider-button-wrapper"
      style={
        Object {
          "background": "linear-gradient(to right, white, transparent 50%), linear-gradient(to left, white, transparent 50%)",
        }
      }
    >
      <div
        className="ImageSliderButtonWrapper-arrow-8"
      >
        <div
          className="Arrow-container-9"
        >
          <button
            className="MuiButtonBase-root MuiButton-root MuiButton-text Mui-disabled Mui-disabled"
            data-testid="Arrow-Button-Left"
            disabled={true}
            onBlur={[Function]}
            onClick={[Function]}
            onDragLeave={[Function]}
            onFocus={[Function]}
            onKeyDown={[Function]}
            onKeyUp={[Function]}
            onMouseDown={[Function]}
            onMouseLeave={[Function]}
            onMouseUp={[Function]}
            onTouchEnd={[Function]}
            onTouchMove={[Function]}
            onTouchStart={[Function]}
            tabIndex={-1}
            type="button"
          >
            <span
              className="MuiButton-label"
            >
              <img
                alt=""
                data-testid="Arrow-Button-Image"
                src="arrow-disabled.png"
                style={
                  Object {
                    "transform": "rotate(180deg)",
                  }
                }
                width="40"
              />
            </span>
          </button>
        </div>
      </div>
      <div
        className="ImageSliderButtonWrapper-arrow-8"
        data-testid="ImageSlider-arrow"
      >
        <div
          className="Arrow-container-9"
        >
          <button
            className="MuiButtonBase-root MuiButton-root MuiButton-text"
            data-testid="Arrow-Button-Right"
            disabled={false}
            onBlur={[Function]}
            onClick={[Function]}
            onDragLeave={[Function]}
            onFocus={[Function]}
            onKeyDown={[Function]}
            onKeyUp={[Function]}
            onMouseDown={[Function]}
            onMouseLeave={[Function]}
            onMouseUp={[Function]}
            onTouchEnd={[Function]}
            onTouchMove={[Function]}
            onTouchStart={[Function]}
            tabIndex={0}
            type="button"
          >
            <span
              className="MuiButton-label"
            >
              <img
                alt=""
                data-testid="Arrow-Button-Image"
                src="arrow-enabled.png"
                style={
                  Object {
                    "transform": "rotate(0deg)",
                  }
                }
                width="40"
              />
            </span>
          </button>
        </div>
      </div>
    </div>
    <div
      className="ImageSlider-card_slider-3"
      data-testid="ImageSlider-Card-Slider"
      onWheel={[Function]}
      style={
        Object {
          "height": "undefinedpx",
        }
      }
    >
      <div
        className="ImageSlider-card_slider_wrapper-4"
        style={
          Object {
            "transform": "translateX(-0%)",
          }
        }
      >
        <main
          data-testid="Collection-Card-Nature Collection"
        >
          <div
            className="CollectionCard-spacing_selected-10"
            data-testid="Collection-Card-Spacing"
          >
            <div
              className="CollectionCard-container-12"
            >
              <a
                className="MuiTypography-root MuiLink-root MuiLink-underlineHover MuiTypography-colorPrimary"
                href="gallery/befee15c-c770-4450-b71f-f20f820b3549"
                onBlur={[Function]}
                onFocus={[Function]}
              >
                <div
                  className="CollectionCard-image_wrapper-14"
                >
                  <img
                    alt=""
                    className="CollectionCard-image-13"
                    data-testid="Collection-Card-Image"
                    height="200"
                    src="https://picsum.photos/id/1018/800"
                    width="350"
                  />
                </div>
              </a>
              <div
                className="CollectionCard-text_wrapper-15"
                data-testid="Collection-Card-Text-Wrapper"
              >
                <img
                  alt=""
                  className="CollectionCard-icon-16"
                  data-testid="Collection-Card-Image-Icon"
                  height={20}
                  src="collection-image-o.png"
                  width={20}
                />
                <p
                  className="CollectionCard-text-17"
                  data-testid="Collection-Card-Title"
                >
                  Nature Collection
                </p>
                <div
                  className="CollectionCard-tag-18"
                >
                  <div
                    data-testid="tag-layout"
                    style={
                      Object {
                        "background": "#47742c",
                        "borderRadius": "7px",
                        "color": "white",
                        "fontFamily": "Open-Sans-Bold",
                        "fontSize": 14,
                        "padding": 5,
                        "textAlign": "center",
                      }
                    }
                  >
                    Nature
                  </div>
                </div>
              </div>
            </div>
          </div>
        </main>
        <main
          data-testid="Collection-Card-Urban Collection"
        >
          <div
            className="CollectionCard-spacing_unselected-11"
            data-testid="Collection-Card-Spacing"
          >
            <div
              className="CollectionCard-container-12"
            >
              <a
                className="MuiTypography-root MuiLink-root MuiLink-underlineHover MuiTypography-colorPrimary"
                href="gallery/16bdf4fe-692d-4e11-8fd4-9ea37e3fc34d"
                onBlur={[Function]}
                onFocus={[Function]}
              >
                <div
                  className="CollectionCard-image_wrapper-14"
                >
                  <img
                    alt=""
                    className="CollectionCard-image-13"
                    data-testid="Collection-Card-Image"
                    height="200"
                    src="https://picsum.photos/id/101/200"
                    width="350"
                  />
                </div>
              </a>
              <div
                className="CollectionCard-text_wrapper-15"
                data-testid="Collection-Card-Text-Wrapper"
              >
                <img
                  alt=""
                  className="CollectionCard-icon-16"
                  data-testid="Collection-Card-Image-Icon"
                  height={20}
                  src="collection-image-o.png"
                  width={20}
                />
                <p
                  className="CollectionCard-text-17"
                  data-testid="Collection-Card-Title"
                >
                  Urban Collection
                </p>
                <div
                  className="CollectionCard-tag-18"
                >
                  <div
                    data-testid="tag-layout"
                    style={
                      Object {
                        "background": "#323232",
                        "borderRadius": "7px",
                        "color": "white",
                        "fontFamily": "Open-Sans-Bold",
                        "fontSize": 14,
                        "padding": 5,
                        "textAlign": "center",
                      }
                    }
                  >
                    Urban
                  </div>
                </div>
              </div>
            </div>
          </div>
        </main>
        <main
          data-testid="Collection-Card-Animal Collection"
        >
          <div
            className="CollectionCard-spacing_unselected-11"
            data-testid="Collection-Card-Spacing"
          >
            <div
              className="CollectionCard-container-12"
            >
              <a
                className="MuiTypography-root MuiLink-root MuiLink-underlineHover MuiTypography-colorPrimary"
                href="gallery/2c615617-6372-4042-bce5-a97910a51b5a"
                onBlur={[Function]}
                onFocus={[Function]}
              >
                <div
                  className="CollectionCard-image_wrapper-14"
                >
                  <img
                    alt=""
                    className="CollectionCard-image-13"
                    data-testid="Collection-Card-Image"
                    height="200"
                    src="https://picsum.photos/id/1024/200"
                    width="350"
                  />
                </div>
              </a>
              <div
                className="CollectionCard-text_wrapper-15"
                data-testid="Collection-Card-Text-Wrapper"
              >
                <img
                  alt=""
                  className="CollectionCard-icon-16"
                  data-testid="Collection-Card-Image-Icon"
                  height={20}
                  src="collection-image-o.png"
                  width={20}
                />
                <p
                  className="CollectionCard-text-17"
                  data-testid="Collection-Card-Title"
                >
                  Animal Collection
                </p>
                <div
                  className="CollectionCard-tag-18"
                >
                  <div
                    data-testid="tag-layout"
                    style={
                      Object {
                        "background": "#323232",
                        "borderRadius": "7px",
                        "color": "white",
                        "fontFamily": "Open-Sans-Bold",
                        "fontSize": 14,
                        "padding": 5,
                        "textAlign": "center",
                      }
                    }
                  >
                    Nature
                  </div>
                </div>
              </div>
            </div>
          </div>
        </main>
        <main
          data-testid="Collection-Card-Mechanical Collection"
        >
          <div
            className="CollectionCard-spacing_unselected-11"
            data-testid="Collection-Card-Spacing"
          >
            <div
              className="CollectionCard-container-12"
            >
              <a
                className="MuiTypography-root MuiLink-root MuiLink-underlineHover MuiTypography-colorPrimary"
                href="gallery/3961f578-14ea-46aa-9b74-7f908fcd532b"
                onBlur={[Function]}
                onFocus={[Function]}
              >
                <div
                  className="CollectionCard-image_wrapper-14"
                >
                  <img
                    alt=""
                    className="CollectionCard-image-13"
                    data-testid="Collection-Card-Image"
                    height="200"
                    src="https://picsum.photos/id/111/200"
                    width="350"
                  />
                </div>
              </a>
              <div
                className="CollectionCard-text_wrapper-15"
                data-testid="Collection-Card-Text-Wrapper"
              >
                <img
                  alt=""
                  className="CollectionCard-icon-16"
                  data-testid="Collection-Card-Image-Icon"
                  height={20}
                  src="collection-image-o.png"
                  width={20}
                />
                <p
                  className="CollectionCard-text-17"
                  data-testid="Collection-Card-Title"
                >
                  Mechanical Collection
                </p>
                <div
                  className="CollectionCard-tag-18"
                >
                  <div
                    data-testid="tag-layout"
                    style={
                      Object {
                        "background": "#50b1d6",
                        "borderRadius": "7px",
                        "color": "white",
                        "fontFamily": "Open-Sans-Bold",
                        "fontSize": 14,
                        "padding": 5,
                        "textAlign": "center",
                      }
                    }
                  >
                    Technology
                  </div>
                </div>
              </div>
            </div>
          </div>
        </main>
        <main
          data-testid="Collection-Card-Party Collection"
        >
          <div
            className="CollectionCard-spacing_unselected-11"
            data-testid="Collection-Card-Spacing"
          >
            <div
              className="CollectionCard-container-12"
            >
              <a
                className="MuiTypography-root MuiLink-root MuiLink-underlineHover MuiTypography-colorPrimary"
                href="gallery/37f92b19-2ea1-4742-b97b-81ed97e2e9c3"
                onBlur={[Function]}
                onFocus={[Function]}
              >
                <div
                  className="CollectionCard-image_wrapper-14"
                >
                  <img
                    alt=""
                    className="CollectionCard-image-13"
                    data-testid="Collection-Card-Image"
                    height="200"
                    src="https://picsum.photos/id/158/200"
                    width="350"
                  />
                </div>
              </a>
              <div
                className="CollectionCard-text_wrapper-15"
                data-testid="Collection-Card-Text-Wrapper"
              >
                <img
                  alt=""
                  className="CollectionCard-icon-16"
                  data-testid="Collection-Card-Image-Icon"
                  height={20}
                  src="collection-image-o.png"
                  width={20}
                />
                <p
                  className="CollectionCard-text-17"
                  data-testid="Collection-Card-Title"
                >
                  Party Collection
                </p>
                <div
                  className="CollectionCard-tag-18"
                >
                  <div
                    data-testid="tag-layout"
                    style={
                      Object {
                        "background": "#323232",
                        "borderRadius": "7px",
                        "color": "white",
                        "fontFamily": "Open-Sans-Bold",
                        "fontSize": 14,
                        "padding": 5,
                        "textAlign": "center",
                      }
                    }
                  >
                    Default
                  </div>
                </div>
              </div>
            </div>
          </div>
        </main>
        <main
          data-testid="Collection-Card-Second Nature Collection"
        >
          <div
            className="CollectionCard-spacing_unselected-11"
            data-testid="Collection-Card-Spacing"
          >
            <div
              className="CollectionCard-container-12"
            >
              <a
                className="MuiTypography-root MuiLink-root MuiLink-underlineHover MuiTypography-colorPrimary"
                href="gallery/6dcdba12-f48c-46cf-b1f6-07e8d1c5ed2b"
                onBlur={[Function]}
                onFocus={[Function]}
              >
                <div
                  className="CollectionCard-image_wrapper-14"
                >
                  <img
                    alt=""
                    className="CollectionCard-image-13"
                    data-testid="Collection-Card-Image"
                    height="200"
                    src="https://picsum.photos/id/1018/200"
                    width="350"
                  />
                </div>
              </a>
              <div
                className="CollectionCard-text_wrapper-15"
                data-testid="Collection-Card-Text-Wrapper"
              >
                <img
                  alt=""
                  className="CollectionCard-icon-16"
                  data-testid="Collection-Card-Image-Icon"
                  height={20}
                  src="collection-image-o.png"
                  width={20}
                />
                <p
                  className="CollectionCard-text-17"
                  data-testid="Collection-Card-Title"
                >
                  Second Nature Collection
                </p>
                <div
                  className="CollectionCard-tag-18"
                >
                  <div
                    data-testid="tag-layout"
                    style={
                      Object {
                        "background": "#323232",
                        "borderRadius": "7px",
                        "color": "white",
                        "fontFamily": "Open-Sans-Bold",
                        "fontSize": 14,
                        "padding": 5,
                        "textAlign": "center",
                      }
                    }
                  >
                    Default
                  </div>
                </div>
              </div>
            </div>
          </div>
        </main>
        <main
          data-testid="Collection-Card-Second Urban Collection"
        >
          <div
            className="CollectionCard-spacing_unselected-11"
            data-testid="Collection-Card-Spacing"
          >
            <div
              className="CollectionCard-container-12"
            >
              <a
                className="MuiTypography-root MuiLink-root MuiLink-underlineHover MuiTypography-colorPrimary"
                href="gallery/9f7ca109-396f-4854-9bef-947c02f243ab"
                onBlur={[Function]}
                onFocus={[Function]}
              >
                <div
                  className="CollectionCard-image_wrapper-14"
                >
                  <img
                    alt=""
                    className="CollectionCard-image-13"
                    data-testid="Collection-Card-Image"
                    height="200"
                    src="https://picsum.photos/id/101/200"
                    width="350"
                  />
                </div>
              </a>
              <div
                className="CollectionCard-text_wrapper-15"
                data-testid="Collection-Card-Text-Wrapper"
              >
                <img
                  alt=""
                  className="CollectionCard-icon-16"
                  data-testid="Collection-Card-Image-Icon"
                  height={20}
                  src="collection-image-o.png"
                  width={20}
                />
                <p
                  className="CollectionCard-text-17"
                  data-testid="Collection-Card-Title"
                >
                  Second Urban Collection
                </p>
                <div
                  className="CollectionCard-tag-18"
                >
                  <div
                    data-testid="tag-layout"
                    style={
                      Object {
                        "background": "#323232",
                        "borderRadius": "7px",
                        "color": "white",
                        "fontFamily": "Open-Sans-Bold",
                        "fontSize": 14,
                        "padding": 5,
                        "textAlign": "center",
                      }
                    }
                  >
                    Default
                  </div>
                </div>
              </div>
            </div>
          </div>
        </main>
        <main
          data-testid="Collection-Card-Second Animal Collection"
        >
          <div
            className="CollectionCard-spacing_unselected-11"
            data-testid="Collection-Card-Spacing"
          >
            <div
              className="CollectionCard-container-12"
            >
              <a
                className="MuiTypography-root MuiLink-root MuiLink-underlineHover MuiTypography-colorPrimary"
                href="gallery/05d90eb3-5109-4e1a-88b5-dfcf99e12c8d"
                onBlur={[Function]}
                onFocus={[Function]}
              >
                <div
                  className="CollectionCard-image_wrapper-14"
                >
                  <img
                    alt=""
                    className="CollectionCard-image-13"
                    data-testid="Collection-Card-Image"
                    height="200"
                    src="https://picsum.photos/id/1024/200"
                    width="350"
                  />
                </div>
              </a>
              <div
                className="CollectionCard-text_wrapper-15"
                data-testid="Collection-Card-Text-Wrapper"
              >
                <img
                  alt=""
                  className="CollectionCard-icon-16"
                  data-testid="Collection-Card-Image-Icon"
                  height={20}
                  src="collection-image-o.png"
                  width={20}
                />
                <p
                  className="CollectionCard-text-17"
                  data-testid="Collection-Card-Title"
                >
                  Second Animal Collection
                </p>
                <div
                  className="CollectionCard-tag-18"
                >
                  <div
                    data-testid="tag-layout"
                    style={
                      Object {
                        "background": "#323232",
                        "borderRadius": "7px",
                        "color": "white",
                        "fontFamily": "Open-Sans-Bold",
                        "fontSize": 14,
                        "padding": 5,
                        "textAlign": "center",
                      }
                    }
                  >
                    Default
                  </div>
                </div>
              </div>
            </div>
          </div>
        </main>
        <main
          data-testid="Collection-Card-Second Mechanical Collection"
        >
          <div
            className="CollectionCard-spacing_unselected-11"
            data-testid="Collection-Card-Spacing"
          >
            <div
              className="CollectionCard-container-12"
            >
              <a
                className="MuiTypography-root MuiLink-root MuiLink-underlineHover MuiTypography-colorPrimary"
                href="gallery/e775f820-a31c-47a1-afed-586982021f7c"
                onBlur={[Function]}
                onFocus={[Function]}
              >
                <div
                  className="CollectionCard-image_wrapper-14"
                >
                  <img
                    alt=""
                    className="CollectionCard-image-13"
                    data-testid="Collection-Card-Image"
                    height="200"
                    src="https://picsum.photos/id/111/200"
                    width="350"
                  />
                </div>
              </a>
              <div
                className="CollectionCard-text_wrapper-15"
                data-testid="Collection-Card-Text-Wrapper"
              >
                <img
                  alt=""
                  className="CollectionCard-icon-16"
                  data-testid="Collection-Card-Image-Icon"
                  height={20}
                  src="collection-image-o.png"
                  width={20}
                />
                <p
                  className="CollectionCard-text-17"
                  data-testid="Collection-Card-Title"
                >
                  Second Mechanical Collection
                </p>
                <div
                  className="CollectionCard-tag-18"
                >
                  <div
                    data-testid="tag-layout"
                    style={
                      Object {
                        "background": "#323232",
                        "borderRadius": "7px",
                        "color": "white",
                        "fontFamily": "Open-Sans-Bold",
                        "fontSize": 14,
                        "padding": 5,
                        "textAlign": "center",
                      }
                    }
                  >
                    Default
                  </div>
                </div>
              </div>
            </div>
          </div>
        </main>
        <main
          data-testid="Collection-Card-Second Party Collection"
        >
          <div
            className="CollectionCard-spacing_unselected-11"
            data-testid="Collection-Card-Spacing"
          >
            <div
              className="CollectionCard-container-12"
            >
              <a
                className="MuiTypography-root MuiLink-root MuiLink-underlineHover MuiTypography-colorPrimary"
                href="gallery/63d32dab-e870-4bd2-887a-d583b0a424bf"
                onBlur={[Function]}
                onFocus={[Function]}
              >
                <div
                  className="CollectionCard-image_wrapper-14"
                >
                  <img
                    alt=""
                    className="CollectionCard-image-13"
                    data-testid="Collection-Card-Image"
                    height="200"
                    src="https://picsum.photos/id/158/200"
                    width="350"
                  />
                </div>
              </a>
              <div
                className="CollectionCard-text_wrapper-15"
                data-testid="Collection-Card-Text-Wrapper"
              >
                <img
                  alt=""
                  className="CollectionCard-icon-16"
                  data-testid="Collection-Card-Image-Icon"
                  height={20}
                  src="collection-image-o.png"
                  width={20}
                />
                <p
                  className="CollectionCard-text-17"
                  data-testid="Collection-Card-Title"
                >
                  Second Party Collection
                </p>
                <div
                  className="CollectionCard-tag-18"
                >
                  <div
                    data-testid="tag-layout"
                    style={
                      Object {
                        "background": "#323232",
                        "borderRadius": "7px",
                        "color": "white",
                        "fontFamily": "Open-Sans-Bold",
                        "fontSize": 14,
                        "padding": 5,
                        "textAlign": "center",
                      }
                    }
                  >
                    Default
                  </div>
                </div>
              </div>
            </div>
          </div>
        </main>
        <main
          data-testid="Collection-Card-Wedding Collection"
        >
          <div
            className="CollectionCard-spacing_unselected-11"
            data-testid="Collection-Card-Spacing"
          >
            <div
              className="CollectionCard-container-12"
            >
              <a
                className="MuiTypography-root MuiLink-root MuiLink-underlineHover MuiTypography-colorPrimary"
                href="gallery/cf7d0e27-cb8f-44e1-a228-4150223bedee"
                onBlur={[Function]}
                onFocus={[Function]}
              >
                <div
                  className="CollectionCard-image_wrapper-14"
                >
                  <img
                    alt=""
                    className="CollectionCard-image-13"
                    data-testid="Collection-Card-Image"
                    height="200"
                    src="https://picsum.photos/id/1013/200"
                    width="350"
                  />
                </div>
              </a>
              <div
                className="CollectionCard-text_wrapper-15"
                data-testid="Collection-Card-Text-Wrapper"
              >
                <img
                  alt=""
                  className="CollectionCard-icon-16"
                  data-testid="Collection-Card-Image-Icon"
                  height={20}
                  src="collection-image-o.png"
                  width={20}
                />
                <p
                  className="CollectionCard-text-17"
                  data-testid="Collection-Card-Title"
                >
                  Wedding Collection
                </p>
                <div
                  className="CollectionCard-tag-18"
                >
                  <div
                    data-testid="tag-layout"
                    style={
                      Object {
                        "background": "#323232",
                        "borderRadius": "7px",
                        "color": "white",
                        "fontFamily": "Open-Sans-Bold",
                        "fontSize": 14,
                        "padding": 5,
                        "textAlign": "center",
                      }
                    }
                  >
                    Default
                  </div>
                </div>
              </div>
            </div>
          </div>
        </main>
        <main
          data-testid="Collection-Card-Sport Collection"
        >
          <div
            className="CollectionCard-spacing_unselected-11"
            data-testid="Collection-Card-Spacing"
          >
            <div
              className="CollectionCard-container-12"
            >
              <a
                className="MuiTypography-root MuiLink-root MuiLink-underlineHover MuiTypography-colorPrimary"
                href="gallery/f25c35de-7195-4f6b-8c51-80b4a216af24"
                onBlur={[Function]}
                onFocus={[Function]}
              >
                <div
                  className="CollectionCard-image_wrapper-14"
                >
                  <img
                    alt=""
                    className="CollectionCard-image-13"
                    data-testid="Collection-Card-Image"
                    height="200"
                    src="https://picsum.photos/id/1023/200"
                    width="350"
                  />
                </div>
              </a>
              <div
                className="CollectionCard-text_wrapper-15"
                data-testid="Collection-Card-Text-Wrapper"
              >
                <img
                  alt=""
                  className="CollectionCard-icon-16"
                  data-testid="Collection-Card-Image-Icon"
                  height={20}
                  src="collection-image-o.png"
                  width={20}
                />
                <p
                  className="CollectionCard-text-17"
                  data-testid="Collection-Card-Title"
                >
                  Sport Collection
                </p>
                <div
                  className="CollectionCard-tag-18"
                >
                  <div
                    data-testid="tag-layout"
                    style={
                      Object {
                        "background": "#323232",
                        "borderRadius": "7px",
                        "color": "white",
                        "fontFamily": "Open-Sans-Bold",
                        "fontSize": 14,
                        "padding": 5,
                        "textAlign": "center",
                      }
                    }
                  >
                    Default
                  </div>
                </div>
              </div>
            </div>
          </div>
        </main>
        <main
          data-testid="Collection-Card-People Collection"
        >
          <div
            className="CollectionCard-spacing_unselected-11"
            data-testid="Collection-Card-Spacing"
          >
            <div
              className="CollectionCard-container-12"
            >
              <a
                className="MuiTypography-root MuiLink-root MuiLink-underlineHover MuiTypography-colorPrimary"
                href="gallery/e8371075-e999-42da-b9a7-af5a0d0bd8d6"
                onBlur={[Function]}
                onFocus={[Function]}
              >
                <div
                  className="CollectionCard-image_wrapper-14"
                >
                  <img
                    alt=""
                    className="CollectionCard-image-13"
                    data-testid="Collection-Card-Image"
                    height="200"
                    src="https://picsum.photos/id/375/200"
                    width="350"
                  />
                </div>
              </a>
              <div
                className="CollectionCard-text_wrapper-15"
                data-testid="Collection-Card-Text-Wrapper"
              >
                <img
                  alt=""
                  className="CollectionCard-icon-16"
                  data-testid="Collection-Card-Image-Icon"
                  height={20}
                  src="collection-image-o.png"
                  width={20}
                />
                <p
                  className="CollectionCard-text-17"
                  data-testid="Collection-Card-Title"
                >
                  People Collection
                </p>
                <div
                  className="CollectionCard-tag-18"
                >
                  <div
                    data-testid="tag-layout"
                    style={
                      Object {
                        "background": "#323232",
                        "borderRadius": "7px",
                        "color": "white",
                        "fontFamily": "Open-Sans-Bold",
                        "fontSize": 14,
                        "padding": 5,
                        "textAlign": "center",
                      }
                    }
                  >
                    Default
                  </div>
                </div>
              </div>
            </div>
          </div>
        </main>
      </div>
    </div>
  </div>
</main>
`;
