// Jest Snapshot v1, https://goo.gl/fbAQLP

exports[`Gallery Page should match snapshot 1`] = `
<div
  data-testid="Gallery-Page"
>
  <main
    className="ImageSlider-container-1"
  >
    <div
      className="ImageSliderTitle-container-5"
      data-testid="Image-Slider-Title"
      style={
        Object {
          "borderColor": "#47742c",
        }
      }
    >
      NATURE & LIFE
    </div>
    <div
      className="ImageSlider-wrapper-2"
      data-testid="ImageSlider-Container"
    >
      <div
        className="GalleryImageSliderButtonWrapper-button_wrapper-6"
        data-testid="Buttom-Wrapper"
      >
        <div
          className="GalleryImageSliderButtonWrapper-arrow-7"
        >
          <div
            className="Arrow-container-8"
          >
            <button
              className="MuiButtonBase-root MuiButton-root MuiButton-text Mui-disabled Mui-disabled"
              data-testid="Arrow-Button-Left"
              disabled={true}
              onBlur={[Function]}
              onClick={[Function]}
              onDragLeave={[Function]}
              onFocus={[Function]}
              onKeyDown={[Function]}
              onKeyUp={[Function]}
              onMouseDown={[Function]}
              onMouseLeave={[Function]}
              onMouseUp={[Function]}
              onTouchEnd={[Function]}
              onTouchMove={[Function]}
              onTouchStart={[Function]}
              tabIndex={-1}
              type="button"
            >
              <span
                className="MuiButton-label"
              >
                <img
                  alt="nata"
                  className="Arrow-left-9"
                  data-testid="Arrow-Button-Image"
                  src="arrow-disabled.png"
                />
              </span>
            </button>
          </div>
        </div>
        <div
          className="GalleryImageSliderButtonWrapper-arrow-7"
        >
          <div
            className="Arrow-container-8"
          >
            <button
              className="MuiButtonBase-root MuiButton-root MuiButton-text"
              data-testid="Arrow-Button-Right"
              disabled={false}
              onBlur={[Function]}
              onClick={[Function]}
              onDragLeave={[Function]}
              onFocus={[Function]}
              onKeyDown={[Function]}
              onKeyUp={[Function]}
              onMouseDown={[Function]}
              onMouseLeave={[Function]}
              onMouseUp={[Function]}
              onTouchEnd={[Function]}
              onTouchMove={[Function]}
              onTouchStart={[Function]}
              tabIndex={0}
              type="button"
            >
              <span
                className="MuiButton-label"
              >
                <img
                  alt="nata"
                  className="Arrow-right-10"
                  data-testid="Arrow-Button-Image"
                  src="arrow-enabled.png"
                />
              </span>
            </button>
          </div>
        </div>
      </div>
      <div
        className="ImageSlider-card_slider-3"
        data-testid="ImageSlider-Card-Slider"
        onWheel={[Function]}
        style={
          Object {
            "height": "460px",
          }
        }
      >
        <div
          className="ImageSlider-card_slider_wrapper-4"
          style={
            Object {
              "transform": "translateX(-0%)",
            }
          }
        >
          <div
            className="GalleryCollectionCard-spacing_selected-11"
            data-testid="Collection-Card-Animal Collection"
          >
            <div
              className="GalleryCollectionCard-container-15"
            >
              <a
                className="MuiTypography-root MuiLink-root MuiLink-underlineHover MuiTypography-colorPrimary"
                data-testid="Collection-Card-Link"
                href="gallery/017a317f-8285-4cfb-a4e7-668d85721b76"
                onBlur={[Function]}
                onFocus={[Function]}
              >
                <div
                  className="GalleryCollectionCard-image_wrapper-16"
                >
                  <img
                    alt=""
                    data-testid="Collection-Card-Image"
                    height={440}
                    src="https://picsum.photos/id/1003/500"
                    width="350"
                  />
                  <div
                    className="GalleryCollectionCard-container-17"
                    data-testid="Gallery-Collection-Card-Text"
                  >
                    <div
                      className="GalleryCollectionCard-tag-18"
                      data-testid="Gallery-Collection-Card-Tag"
                      style={
                        Object {
                          "borderBottomColor": "#47742c",
                        }
                      }
                    >
                      NATURE
                    </div>
                    <div
                      className="GalleryCollectionCard-text-19"
                      data-testid="Gallery-Collection-Card-Content-Text"
                    >
                      Animal Collection
                      <div
                        className="GalleryCollectionCardItemsText-container-20"
                        data-testid="Gallery-Collection-Card-Items-Text"
                      >
                        10
                         Items
                      </div>
                    </div>
                    <div
                      className="GalleryCollectionCardViewIcon-container-21"
                    >
                      <div
                        className="GalleryCollectionCardViewIcon-image-22"
                      >
                        <img
                          alt="none"
                          data-testid="Gallery-Collection-Card-View-Icon-Image"
                          height="20"
                          src="collection-image-w.png"
                          width="20"
                        />
                      </div>
                      <div
                        className="GalleryCollectionCardViewIcon-text-23"
                        data-testid="Gallery-Collection-Card-View-Icon-Text"
                      >
                        VIEW
                      </div>
                    </div>
                  </div>
                </div>
              </a>
            </div>
          </div>
          <div
            className="GalleryCollectionCard-spacing_immediate_background-12"
            data-testid="Collection-Card-Landscape Collection"
          >
            <div
              className="GalleryCollectionCard-container-15"
            >
              <a
                className="MuiTypography-root MuiLink-root MuiLink-underlineHover MuiTypography-colorPrimary"
                data-testid="Collection-Card-Link"
                href="gallery/b97bf8c2-6ab5-45e5-b363-dace717b8ed5"
                onBlur={[Function]}
                onFocus={[Function]}
              >
                <div
                  className="GalleryCollectionCard-image_wrapper-16"
                >
                  <img
                    alt=""
                    data-testid="Collection-Card-Image"
                    height={440}
                    src="https://picsum.photos/id/261/500"
                    width="350"
                  />
                  <div
                    className="GalleryCollectionCard-container-17"
                    data-testid="Gallery-Collection-Card-Text"
                  >
                    <div
                      className="GalleryCollectionCard-tag-18"
                      data-testid="Gallery-Collection-Card-Tag"
                      style={
                        Object {
                          "borderBottomColor": "#47742c",
                        }
                      }
                    >
                      NATURE
                    </div>
                    <div
                      className="GalleryCollectionCard-text-19"
                      data-testid="Gallery-Collection-Card-Content-Text"
                    >
                      Landscape Collection
                      <div
                        className="GalleryCollectionCardItemsText-container-20"
                        data-testid="Gallery-Collection-Card-Items-Text"
                      >
                        3
                         Items
                      </div>
                    </div>
                    <div
                      className="GalleryCollectionCardViewIcon-container-21"
                    >
                      <div
                        className="GalleryCollectionCardViewIcon-image-22"
                      >
                        <img
                          alt="none"
                          data-testid="Gallery-Collection-Card-View-Icon-Image"
                          height="20"
                          src="collection-image-w.png"
                          width="20"
                        />
                      </div>
                      <div
                        className="GalleryCollectionCardViewIcon-text-23"
                        data-testid="Gallery-Collection-Card-View-Icon-Text"
                      >
                        VIEW
                      </div>
                    </div>
                  </div>
                </div>
              </a>
            </div>
          </div>
          <div
            className="GalleryCollectionCard-spacing_distant_background-13"
            data-testid="Collection-Card-Romance Collection"
          >
            <div
              className="GalleryCollectionCard-container-15"
            >
              <a
                className="MuiTypography-root MuiLink-root MuiLink-underlineHover MuiTypography-colorPrimary"
                data-testid="Collection-Card-Link"
                href="gallery/12352dd6-255c-4e38-9230-a96723bf9c5d"
                onBlur={[Function]}
                onFocus={[Function]}
              >
                <div
                  className="GalleryCollectionCard-image_wrapper-16"
                >
                  <img
                    alt=""
                    data-testid="Collection-Card-Image"
                    height={440}
                    src="https://picsum.photos/id/1004/500"
                    width="350"
                  />
                  <div
                    className="GalleryCollectionCard-container-17"
                    data-testid="Gallery-Collection-Card-Text"
                  >
                    <div
                      className="GalleryCollectionCard-tag-18"
                      data-testid="Gallery-Collection-Card-Tag"
                      style={
                        Object {
                          "borderBottomColor": "#7baab5",
                        }
                      }
                    >
                      LIFE
                    </div>
                    <div
                      className="GalleryCollectionCard-text-19"
                      data-testid="Gallery-Collection-Card-Content-Text"
                    >
                      Romance Collection
                      <div
                        className="GalleryCollectionCardItemsText-container-20"
                        data-testid="Gallery-Collection-Card-Items-Text"
                      >
                        2
                         Items
                      </div>
                    </div>
                    <div
                      className="GalleryCollectionCardViewIcon-container-21"
                    >
                      <div
                        className="GalleryCollectionCardViewIcon-image-22"
                      >
                        <img
                          alt="none"
                          data-testid="Gallery-Collection-Card-View-Icon-Image"
                          height="20"
                          src="collection-image-w.png"
                          width="20"
                        />
                      </div>
                      <div
                        className="GalleryCollectionCardViewIcon-text-23"
                        data-testid="Gallery-Collection-Card-View-Icon-Text"
                      >
                        VIEW
                      </div>
                    </div>
                  </div>
                </div>
              </a>
            </div>
          </div>
          <div
            className="GalleryCollectionCard-spacing_not_rendered-14"
            data-testid="Collection-Card-Extreme Sporting Collection"
          >
            <div
              className="GalleryCollectionCard-container-15"
            >
              <a
                className="MuiTypography-root MuiLink-root MuiLink-underlineHover MuiTypography-colorPrimary"
                data-testid="Collection-Card-Link"
                href="gallery/ffdf5e29-408c-44e9-a453-78ba0adb91f5"
                onBlur={[Function]}
                onFocus={[Function]}
              >
                <div
                  className="GalleryCollectionCard-image_wrapper-16"
                >
                  <img
                    alt=""
                    data-testid="Collection-Card-Image"
                    height={440}
                    src="https://picsum.photos/id/328/500"
                    width="350"
                  />
                  <div
                    className="GalleryCollectionCard-container-17"
                    data-testid="Gallery-Collection-Card-Text"
                  >
                    <div
                      className="GalleryCollectionCard-tag-18"
                      data-testid="Gallery-Collection-Card-Tag"
                      style={
                        Object {
                          "borderBottomColor": "#7baab5",
                        }
                      }
                    >
                      LIFE
                    </div>
                    <div
                      className="GalleryCollectionCard-text-19"
                      data-testid="Gallery-Collection-Card-Content-Text"
                    >
                      Extreme Sporting Collection
                      <div
                        className="GalleryCollectionCardItemsText-container-20"
                        data-testid="Gallery-Collection-Card-Items-Text"
                      >
                        2
                         Items
                      </div>
                    </div>
                    <div
                      className="GalleryCollectionCardViewIcon-container-21"
                    >
                      <div
                        className="GalleryCollectionCardViewIcon-image-22"
                      >
                        <img
                          alt="none"
                          data-testid="Gallery-Collection-Card-View-Icon-Image"
                          height="20"
                          src="collection-image-w.png"
                          width="20"
                        />
                      </div>
                      <div
                        className="GalleryCollectionCardViewIcon-text-23"
                        data-testid="Gallery-Collection-Card-View-Icon-Text"
                      >
                        VIEW
                      </div>
                    </div>
                  </div>
                </div>
              </a>
            </div>
          </div>
          <div
            className="GalleryCollectionCard-spacing_not_rendered-14"
            data-testid="Collection-Card-Party Collection"
          >
            <div
              className="GalleryCollectionCard-container-15"
            >
              <a
                className="MuiTypography-root MuiLink-root MuiLink-underlineHover MuiTypography-colorPrimary"
                data-testid="Collection-Card-Link"
                href="gallery/a2cb8bb1-0d7e-445d-b977-be97c616aed3"
                onBlur={[Function]}
                onFocus={[Function]}
              >
                <div
                  className="GalleryCollectionCard-image_wrapper-16"
                >
                  <img
                    alt=""
                    data-testid="Collection-Card-Image"
                    height={440}
                    src="https://picsum.photos/id/158/500"
                    width="350"
                  />
                  <div
                    className="GalleryCollectionCard-container-17"
                    data-testid="Gallery-Collection-Card-Text"
                  >
                    <div
                      className="GalleryCollectionCard-tag-18"
                      data-testid="Gallery-Collection-Card-Tag"
                      style={
                        Object {
                          "borderBottomColor": "#7baab5",
                        }
                      }
                    >
                      LIFE
                    </div>
                    <div
                      className="GalleryCollectionCard-text-19"
                      data-testid="Gallery-Collection-Card-Content-Text"
                    >
                      Party Collection
                      <div
                        className="GalleryCollectionCardItemsText-container-20"
                        data-testid="Gallery-Collection-Card-Items-Text"
                      >
                        1
                         Item
                      </div>
                    </div>
                    <div
                      className="GalleryCollectionCardViewIcon-container-21"
                    >
                      <div
                        className="GalleryCollectionCardViewIcon-image-22"
                      >
                        <img
                          alt="none"
                          data-testid="Gallery-Collection-Card-View-Icon-Image"
                          height="20"
                          src="collection-image-w.png"
                          width="20"
                        />
                      </div>
                      <div
                        className="GalleryCollectionCardViewIcon-text-23"
                        data-testid="Gallery-Collection-Card-View-Icon-Text"
                      >
                        VIEW
                      </div>
                    </div>
                  </div>
                </div>
              </a>
            </div>
          </div>
        </div>
      </div>
    </div>
  </main>
  <main
    className="ImageSlider-container-1"
  >
    <div
      className="ImageSliderTitle-container-5"
      data-testid="Image-Slider-Title"
      style={
        Object {
          "borderColor": "gray",
        }
      }
    >
      CITYSCAPES & ARCHITECTURE
    </div>
    <div
      className="ImageSlider-wrapper-2"
      data-testid="ImageSlider-Container"
    >
      <div
        className="GalleryImageSliderButtonWrapper-button_wrapper-6"
        data-testid="Buttom-Wrapper"
      >
        <div
          className="GalleryImageSliderButtonWrapper-arrow-7"
        >
          <div
            className="Arrow-container-8"
          >
            <button
              className="MuiButtonBase-root MuiButton-root MuiButton-text Mui-disabled Mui-disabled"
              data-testid="Arrow-Button-Left"
              disabled={true}
              onBlur={[Function]}
              onClick={[Function]}
              onDragLeave={[Function]}
              onFocus={[Function]}
              onKeyDown={[Function]}
              onKeyUp={[Function]}
              onMouseDown={[Function]}
              onMouseLeave={[Function]}
              onMouseUp={[Function]}
              onTouchEnd={[Function]}
              onTouchMove={[Function]}
              onTouchStart={[Function]}
              tabIndex={-1}
              type="button"
            >
              <span
                className="MuiButton-label"
              >
                <img
                  alt="nata"
                  className="Arrow-left-9"
                  data-testid="Arrow-Button-Image"
                  src="arrow-disabled.png"
                />
              </span>
            </button>
          </div>
        </div>
        <div
          className="GalleryImageSliderButtonWrapper-arrow-7"
        >
          <div
            className="Arrow-container-8"
          >
            <button
              className="MuiButtonBase-root MuiButton-root MuiButton-text"
              data-testid="Arrow-Button-Right"
              disabled={false}
              onBlur={[Function]}
              onClick={[Function]}
              onDragLeave={[Function]}
              onFocus={[Function]}
              onKeyDown={[Function]}
              onKeyUp={[Function]}
              onMouseDown={[Function]}
              onMouseLeave={[Function]}
              onMouseUp={[Function]}
              onTouchEnd={[Function]}
              onTouchMove={[Function]}
              onTouchStart={[Function]}
              tabIndex={0}
              type="button"
            >
              <span
                className="MuiButton-label"
              >
                <img
                  alt="nata"
                  className="Arrow-right-10"
                  data-testid="Arrow-Button-Image"
                  src="arrow-enabled.png"
                />
              </span>
            </button>
          </div>
        </div>
      </div>
      <div
        className="ImageSlider-card_slider-3"
        data-testid="ImageSlider-Card-Slider"
        onWheel={[Function]}
        style={
          Object {
            "height": "460px",
          }
        }
      >
        <div
          className="ImageSlider-card_slider_wrapper-4"
          style={
            Object {
              "transform": "translateX(-0%)",
            }
          }
        >
          <div
            className="GalleryCollectionCard-spacing_selected-11"
            data-testid="Collection-Card-Buildings Collection"
          >
            <div
              className="GalleryCollectionCard-container-15"
            >
              <a
                className="MuiTypography-root MuiLink-root MuiLink-underlineHover MuiTypography-colorPrimary"
                data-testid="Collection-Card-Link"
                href="gallery/20716a73-c26a-41b1-b309-93f219f14bd2"
                onBlur={[Function]}
                onFocus={[Function]}
              >
                <div
                  className="GalleryCollectionCard-image_wrapper-16"
                >
                  <img
                    alt=""
                    data-testid="Collection-Card-Image"
                    height={440}
                    src="https://picsum.photos/id/1067/300/300"
                    width="350"
                  />
                  <div
                    className="GalleryCollectionCard-container-17"
                    data-testid="Gallery-Collection-Card-Text"
                  >
                    <div
                      className="GalleryCollectionCard-tag-18"
                      data-testid="Gallery-Collection-Card-Tag"
                      style={
                        Object {
                          "borderBottomColor": "#5f5f5f",
                        }
                      }
                    >
                      ARCHITECTURE
                    </div>
                    <div
                      className="GalleryCollectionCard-text-19"
                      data-testid="Gallery-Collection-Card-Content-Text"
                    >
                      Buildings Collection
                      <div
                        className="GalleryCollectionCardItemsText-container-20"
                        data-testid="Gallery-Collection-Card-Items-Text"
                      >
                        6
                         Items
                      </div>
                    </div>
                    <div
                      className="GalleryCollectionCardViewIcon-container-21"
                    >
                      <div
                        className="GalleryCollectionCardViewIcon-image-22"
                      >
                        <img
                          alt="none"
                          data-testid="Gallery-Collection-Card-View-Icon-Image"
                          height="20"
                          src="collection-image-w.png"
                          width="20"
                        />
                      </div>
                      <div
                        className="GalleryCollectionCardViewIcon-text-23"
                        data-testid="Gallery-Collection-Card-View-Icon-Text"
                      >
                        VIEW
                      </div>
                    </div>
                  </div>
                </div>
              </a>
            </div>
          </div>
          <div
            className="GalleryCollectionCard-spacing_immediate_background-12"
            data-testid="Collection-Card-Transport Collection"
          >
            <div
              className="GalleryCollectionCard-container-15"
            >
              <a
                className="MuiTypography-root MuiLink-root MuiLink-underlineHover MuiTypography-colorPrimary"
                data-testid="Collection-Card-Link"
                href="gallery/7216f8b0-55eb-4a2c-949c-e46948ecb1d8"
                onBlur={[Function]}
                onFocus={[Function]}
              >
                <div
                  className="GalleryCollectionCard-image_wrapper-16"
                >
                  <img
                    alt=""
                    data-testid="Collection-Card-Image"
                    height={440}
                    src="https://picsum.photos/id/364/300/300"
                    width="350"
                  />
                  <div
                    className="GalleryCollectionCard-container-17"
                    data-testid="Gallery-Collection-Card-Text"
                  >
                    <div
                      className="GalleryCollectionCard-tag-18"
                      data-testid="Gallery-Collection-Card-Tag"
                      style={
                        Object {
                          "borderBottomColor": "#7baab5",
                        }
                      }
                    >
                      CITYSCAPES
                    </div>
                    <div
                      className="GalleryCollectionCard-text-19"
                      data-testid="Gallery-Collection-Card-Content-Text"
                    >
                      Transport Collection
                      <div
                        className="GalleryCollectionCardItemsText-container-20"
                        data-testid="Gallery-Collection-Card-Items-Text"
                      >
                        4
                         Items
                      </div>
                    </div>
                    <div
                      className="GalleryCollectionCardViewIcon-container-21"
                    >
                      <div
                        className="GalleryCollectionCardViewIcon-image-22"
                      >
                        <img
                          alt="none"
                          data-testid="Gallery-Collection-Card-View-Icon-Image"
                          height="20"
                          src="collection-image-w.png"
                          width="20"
                        />
                      </div>
                      <div
                        className="GalleryCollectionCardViewIcon-text-23"
                        data-testid="Gallery-Collection-Card-View-Icon-Text"
                      >
                        VIEW
                      </div>
                    </div>
                  </div>
                </div>
              </a>
            </div>
          </div>
          <div
            className="GalleryCollectionCard-spacing_distant_background-13"
            data-testid="Collection-Card-Historic Building Collection"
          >
            <div
              className="GalleryCollectionCard-container-15"
            >
              <a
                className="MuiTypography-root MuiLink-root MuiLink-underlineHover MuiTypography-colorPrimary"
                data-testid="Collection-Card-Link"
                href="gallery/af28d1d2-fcd7-4138-9090-a0e6ac2a38fe"
                onBlur={[Function]}
                onFocus={[Function]}
              >
                <div
                  className="GalleryCollectionCard-image_wrapper-16"
                >
                  <img
                    alt=""
                    data-testid="Collection-Card-Image"
                    height={440}
                    src="https://picsum.photos/id/134/300/300"
                    width="350"
                  />
                  <div
                    className="GalleryCollectionCard-container-17"
                    data-testid="Gallery-Collection-Card-Text"
                  >
                    <div
                      className="GalleryCollectionCard-tag-18"
                      data-testid="Gallery-Collection-Card-Tag"
                      style={
                        Object {
                          "borderBottomColor": "#5f5f5f",
                        }
                      }
                    >
                      ARCHITECTURE
                    </div>
                    <div
                      className="GalleryCollectionCard-text-19"
                      data-testid="Gallery-Collection-Card-Content-Text"
                    >
                      Historic Building Collection
                      <div
                        className="GalleryCollectionCardItemsText-container-20"
                        data-testid="Gallery-Collection-Card-Items-Text"
                      >
                        3
                         Items
                      </div>
                    </div>
                    <div
                      className="GalleryCollectionCardViewIcon-container-21"
                    >
                      <div
                        className="GalleryCollectionCardViewIcon-image-22"
                      >
                        <img
                          alt="none"
                          data-testid="Gallery-Collection-Card-View-Icon-Image"
                          height="20"
                          src="collection-image-w.png"
                          width="20"
                        />
                      </div>
                      <div
                        className="GalleryCollectionCardViewIcon-text-23"
                        data-testid="Gallery-Collection-Card-View-Icon-Text"
                      >
                        VIEW
                      </div>
                    </div>
                  </div>
                </div>
              </a>
            </div>
          </div>
          <div
            className="GalleryCollectionCard-spacing_not_rendered-14"
            data-testid="Collection-Card-Cityscapes Collection"
          >
            <div
              className="GalleryCollectionCard-container-15"
            >
              <a
                className="MuiTypography-root MuiLink-root MuiLink-underlineHover MuiTypography-colorPrimary"
                data-testid="Collection-Card-Link"
                href="gallery/5e5e0130-cd61-43b1-9275-0020dba39cc7"
                onBlur={[Function]}
                onFocus={[Function]}
              >
                <div
                  className="GalleryCollectionCard-image_wrapper-16"
                >
                  <img
                    alt=""
                    data-testid="Collection-Card-Image"
                    height={440}
                    src="https://picsum.photos/id/221/300/300"
                    width="350"
                  />
                  <div
                    className="GalleryCollectionCard-container-17"
                    data-testid="Gallery-Collection-Card-Text"
                  >
                    <div
                      className="GalleryCollectionCard-tag-18"
                      data-testid="Gallery-Collection-Card-Tag"
                      style={
                        Object {
                          "borderBottomColor": "#7baab5",
                        }
                      }
                    >
                      CITYSCAPES
                    </div>
                    <div
                      className="GalleryCollectionCard-text-19"
                      data-testid="Gallery-Collection-Card-Content-Text"
                    >
                      Cityscapes Collection
                      <div
                        className="GalleryCollectionCardItemsText-container-20"
                        data-testid="Gallery-Collection-Card-Items-Text"
                      >
                        6
                         Items
                      </div>
                    </div>
                    <div
                      className="GalleryCollectionCardViewIcon-container-21"
                    >
                      <div
                        className="GalleryCollectionCardViewIcon-image-22"
                      >
                        <img
                          alt="none"
                          data-testid="Gallery-Collection-Card-View-Icon-Image"
                          height="20"
                          src="collection-image-w.png"
                          width="20"
                        />
                      </div>
                      <div
                        className="GalleryCollectionCardViewIcon-text-23"
                        data-testid="Gallery-Collection-Card-View-Icon-Text"
                      >
                        VIEW
                      </div>
                    </div>
                  </div>
                </div>
              </a>
            </div>
          </div>
        </div>
      </div>
    </div>
  </main>
</div>
`;
